File 1YGG.cif:     25.0

File C13H22O3.cif:      1.0

File ../dictionaries/cif_core.dic:      6.4

File ../dictionaries/cif_mm_2.0.03.dic:     22.4

File ../dictionaries/mmcif_pdbx.dic:     50.6

Not matched: []
No category found for _refine_hist.number_atoms_total
No category found for _refine.overall_SU_ML
No category found for _struct_ref_seq.db_align_end
No category found for _refine_hist.number_atoms_solvent
No category found for _refine.overall_SU_B
No category found for _struct_ref_seq.db_align_beg
Baddies:{'_atom_site.label_atom_id': [('validate_parent', False, ['N', 'CA', 'C', 'O', 'CB', 'N', 'CA', 'C', 'O', 'CB', 'CG', 'CD1', 'CD2', 'N', 'CA', 'C', 'O', 'CB', 'CG', 'OD1', 'ND2', 'N', 'CA', 'C', 'O', 'CB', 'CG', 'CD', 'CE', 'NZ', 'N', 'CA', 'C', 'O', 'CB', 'CG', 'CD1', 'CD2', 'N', 'CA', 'C', 'O', 'CB', 'CG1', 'CG2', 'N', 'CA', 'C', 'O', 'CB', 'CG', 'CD', 'CE', 'NZ', 'N', 'CA', 'C', 'O', 'CB', 'CG', 'CD', 'OE1', 'OE2', 'N', 'CA', 'C', 'O', 'CB', 'CG', 'CD1', 'CD2', 'N', 'CA', 'C', 'O', 'CB', 'CG', 'OD1', 'ND2', 'N', 'CA', 'C', 'O', 'CB', 'CG', 'OD1', 'OD2', 'N', 'CA', 'C', 'O', 'CB', 'CG', 'CD1', 'CD2', 'N', 'CA', 'C', 'O', 'N', 'CA', 'C', 'O', 'CB', 'CG', 'CD1', 'CD2', 'N', 'CA', 'C', 'O', 'CB', 'OG1', 'CG2', 'N', 'CA', 'C', 'O', 'CB', 'CG', 'OD1', 'OD2', 'N', 'CA', 'C', 'O', 'CB', 'CG1', 'CG2', 'N', 'CA', 'C', 'O', 'CB', 'CG', 'CD', 'CE', 'NZ', 'N', 'CA', 'C', 'O', 'CB', 'CG', 'CD', 'OE1', 'OE2', 'N', 'CA', 'C', 'O', 'CB', 'CG1', 'CG2', 'CD1', 'N', 'CA', 'C', 'O', 'CB', 'CG1', 'CG2', 'N', 'CA', 'C', 'O', 'CB', 'N', 'CA', 'C', 'O', 'CB', 'CG', 'OD1', 'ND2', 'N', 'CA', 'C', 'O', 'CB', 'CG', 'CD', 'N', 'CA', 'C', 'O', 'CB', 'OG', 'N', 'CA', 'C', 'O', 'CB', 'CG', 'CD1', 'CD2', 'CE1', 'CE2', 'CZ', 'OH', 'N', 'CA', 'C', 'O', 'CB', 'CG', 'CD', 'OE1', 'OE2', 'N', 'CA', 'C', 'O', 'CB', 'CG', 'CD', 'OE1', 'NE2', 'N', 'CA', 'C', 'O', 'CB', 'CG', 'CD1', 'CD2', 'N', 'CA', 'C', 'O', 'CB', 'CG', 'CD1', 'CD2', 'CE1', 'CE2', 'CZ', 'N', 'CA', 'C', 'O', 'CB', 'CG', 'CD', 'OE1', 'OE2', 'N', 'CA', 'C', 'O', 'CB', 'CG', 'CD', 'OE1', 'OE2', 'N', 'CA', 'C', 'O', 'CB', 'CG', 'CD', 'OE1', 'OE2', 'N', 'CA', 'C', 'O', 'CB', 'OG1', 'CG2', 'N', 'CA', 'C', 'O', 'CB', 'CG', 'CD', 'CE', 'NZ', 'N', 'CA', 'C', 'O', 'CB', 'CG', 'CD', 'N', 'CA', 'C', 'O', 'N', 'CA', 'C', 'O', 'CB', 'CG', 'CD1', 'CD2', 'N', 'CA', 'C', 'O', 'CB', 'CG', 'CD', 'OE1', 'OE2', 'N', 'CA', 'C', 'O', 'N', 'CA', 'C', 'O', 'CB', 'CG', 'CD1', 'CD2', 'CE1', 'CE2', 'CZ', 'N', 'CA', 'C', 'O', 'CB', 'CG', 'OD1', 'OD2', 'N', 'CA', 'C', 'O', 'CB', 'N', 'CA', 'C', 'O', 'N', 'CA', 'C', 'O', 'CB', 'OG1', 'CG2', 'N', 'CA', 'C', 'O', 'CB', 'CG', 'CD1', 'CD2', 'N', 'CA', 'C', 'O', 'CB', 'OG1', 'CG2', 'N', 'CA', 'C', 'O', 'CB', 'OG1', 'CG2', 'N', 'CA', 'C', 'O', 'CB', 'CG', 'CD1', 'CD2', 'N', 'CA', 'C', 'O', 'N', 'CA', 'C', 'O', 'CB', 'N', 'CA', 'C', 'O', 'CB', 'CG1', 'CG2', 'N', 'CA', 'C', 'O', 'CB', 'N', 'CA', 'C', 'O', 'CB', 'CG1', 'CG2', 'N', 'CA', 'C', 'O', 'CB', 'CG', 'OD1', 'OD2', 'N', 'CA', 'C', 'O', 'CB', 'OG1', 'CG2', 'N', 'CA', 'C', 'O', 'N', 'CA', 'C', 'O', 'CB', 'CG1', 'CG2', 'CD1', 'N', 'CA', 'C', 'O', 'CB', 'CG', 'CD1', 'CD2', 'CE1', 'CE2', 'CZ', 'N', 'CA', 'C', 'O', 'CB', 'OG1', 'CG2', 'N', 'CA', 'C', 'O', 'N', 'CA', 'C', 'O', 'CB', 'CG', 'CD', 'NE', 'CZ', 'NH1', 'NH2', 'N', 'CA', 'C', 'O', 'CB', 'OG', 'N', 'CA', 'C', 'O', 'CB', 'CG', 'CD', 'N', 'CA', 'C', 'O', 'CB', 'CG', 'CD', 'CE', 'NZ', 'N', 'CA', 'C', 'O', 'CB', 'CG', 'OD1', 'OD2', 'N', 'CA', 'C', 'O', 'CB', 'CG', 'CD', 'CE', 'NZ', 'N', 'CA', 'C', 'O', 'CB', 'CG', 'CD1', 'CD2', 'CE1', 'CE2', 'CZ', 'OH', 'N', 'CA', 'C', 'O', 'CB', 'CG1', 'CG2', 'CD1', 'N', 'CA', 'C', 'O', 'CB', 'CG1', 'CG2', 'N', 'CA', 'C', 'O', 'CB', 'SG', 'N', 'CA', 'C', 'O', 'CB', 'CG', 'OD1', 'OD2', 'N', 'CA', 'C', 'O', 'CB', 'CG', 'CD', 'OE1', 'OE2', 'N', 'CA', 'C', 'O', 'CB', 'OG1', 'CG2', 'N', 'CA', 'C', 'O', 'CB', 'OG1', 'CG2', 'N', 'CA', 'C', 'O', 'CB', 'CG', 'CD', 'CE', 'NZ', 'N', 'CA', 'C', 'O', 'CB', 'CG', 'OD1', 'OD2', 'N', 'CA', 'C', 'O', 'CB', 'OG1', 'CG2', 'N', 'CA', 'C', 'O', 'CB', 'CG1', 'CG2', 'N', 'CA', 'C', 'O', 'CB', 'CG', 'CD1', 'CD2', 'NE1', 'CE2', 'CE3', 'CZ2', 'CZ3', 'CH2', 'N', 'CA', 'C', 'O', 'CB', 'CG', 'CD1', 'CD2', 'NE1', 'CE2', 'CE3', 'CZ2', 'CZ3', 'CH2', 'N', 'CA', 'C', 'O', 'CB', 'CG', 'OD1', 'ND2', 'N', 'CA', 'C', 'O', 'CB', 'OG', 'N', 'CA', 'C', 'O', 'CB', 'CG', 'CD', 'OE1', 'OE2', 'N', 'CA', 'C', 'O', 'CB', 'N', 'CA', 'C', 'O', 'CB', 'N', 'CA', 'C', 'O', 'CB', 'CG', 'CD', 'CE', 'NZ', 'N', 'CA', 'C', 'O', 'CB', 'CG', 'OD1', 'ND2', 'N', 'CA', 'C', 'O', 'CB', 'CG', 'OD1', 'OD2', 'N', 'CA', 'C', 'O', 'CB', 'CG', 'OD1', 'ND2', 'N', 'CA', 'C', 'O', 'CB', 'CG', 'CD', 'CE', 'NZ', 'N', 'CA', 'C', 'O', 'CB', 'CG', 'CD', 'N', 'CA', 'C', 'O', 'CB', 'CG', 'SD', 'CE', 'N', 'CA', 'C', 'O', 'CB', 'OG1', 'CG2', 'N', 'CA', 'C', 'O', 'CB', 'CG', 'CD', 'OE1', 'NE2', 'N', 'CA', 'C', 'O', 'CB', 'CG', 'CD', 'OE1', 'OE2', 'N', 'CA', 'C', 'O', 'CB', 'OG1', 'CG2', 'N', 'CA', 'C', 'O', 'CB', 'CG', 'CD1', 'CD2', 'NE1', 'CE2', 'CE3', 'CZ2', 'CZ3', 'CH2', 'N', 'CA', 'C', 'O', 'CB', 'CG', 'CD', 'CE', 'NZ', 'N', 'CA', 'C', 'O', 'CB', 'OG', 'N', 'CA', 'C', 'O', 'CB', 'CG', 'CD1', 'CD2', 'N', 'CA', 'C', 'O', 'CB', 'CG', 'CD', 'NE', 'CZ', 'NH1', 'NH2', 'N', 'CA', 'C', 'O', 'CB', 'CG', 'CD', 'OE1', 'OE2', 'N', 'CA', 'C', 'O', 'CB', 'CG', 'CD1', 'CD2', 'N', 'CA', 'C', 'O', 'CB', 'CG1', 'CG2', 'N', 'CA', 'C', 'O', 'CB', 'N', 'CA', 'C', 'O', 'CB', 'N', 'CA', 'C', 'O', 'CB', 'CG', 'CD', 'OE1', 'NE2', 'N', 'CA', 'C', 'O', 'CB', 'CG', 'CD1', 'CD2', 'N', 'CA', 'C', 'O', 'CB', 'OG', 'N', 'CA', 'C', 'O', 'N', 'CA', 'C', 'O', 'CB', 'CG', 'CD', 'CE', 'NZ', 'N', 'CA', 'C', 'O', 'CB', 'CG', 'CD', 'NE', 'CZ', 'NH1', 'NH2', 'N', 'CA', 'C', 'O', 'CB', 'CG', 'CD1', 'CD2', 'N', 'CA', 'C', 'O', 'CB', 'CG', 'CD1', 'CD2', 'CE1', 'CE2', 'CZ', 'N', 'CA', 'C', 'O', 'CB', 'CG1', 'CG2', 'N', 'CA', 'C', 'O', 'CB', 'CG1', 'CG2', 'N', 'CA', 'C', 'O', 'CB', 'CG', 'CD', 'OE1', 'OE2', 'N', 'CA', 'C', 'O', 'N', 'CA', 'C', 'O', 'CB', 'CG', 'CD1', 'CD2', 'CE1', 'CE2', 'CZ', 'OH', 'N', 'CA', 'C', 'O', 'CB', 'SG', 'N', 'CA', 'C', 'O', 'N', 'CA', 'C', 'O', 'CB', 'N', 'CA', 'C', 'O', 'CB', 'OG', 'N', 'CA', 'C', 'O', 'CB', 'CG', 'CD', 'OE1', 'OE2', 'N', 'CA', 'C', 'O', 'CB', 'CG', 'CD', 'CE', 'NZ', 'N', 'CA', 'C', 'O', 'CB', 'CG', 'ND1', 'CD2', 'CE1', 'NE2', 'N', 'CA', 'C', 'O', 'CB', 'CG', 'CD', 'NE', 'CZ', 'NH1', 'NH2', 'N', 'CA', 'C', 'O', 'CB', 'CG1', 'CG2', 'CD1', 'N', 'CA', 'C', 'O', 'N', 'CA', 'C', 'O', 'CB', 'CG1', 'CG2', 'N', 'CA', 'C', 'O', 'CB', 'CG', 'CD', 'NE', 'CZ', 'NH1', 'NH2', 'N', 'CA', 'C', 'O', 'CB', 'CG', 'SD', 'CE', 'N', 'CA', 'C', 'O', 'CB', 'CG1', 'CG2', 'N', 'CA', 'C', 'O', 'CB', 'OG1', 'CG2', 'N', 'CA', 'C', 'O', 'CB', 'CG', 'CD', 'OE1', 'OE2', 'N', 'CA', 'C', 'O', 'CB', 'CG1', 'CG2', 'N', 'CA', 'C', 'O', 'CB', 'N', 'CA', 'C', 'O', 'CB', 'CG', 'CD1', 'CD2', 'NE1', 'CE2', 'CE3', 'CZ2', 'CZ3', 'CH2', 'N', 'CA', 'C', 'O', 'CB', 'CG', 'CD', 'OE1', 'NE2', 'N', 'CA', 'C', 'O', 'CB', 'N', 'CA', 'C', 'O', 'CB', 'CG', 'ND1', 'CD2', 'CE1', 'NE2', 'N', 'CA', 'C', 'O', 'CB', 'CG', 'CD1', 'CD2', 'CE1', 'CE2', 'CZ', 'N', 'CA', 'C', 'O', 'CB', 'CG1', 'CG2', 'N', 'CA', 'C', 'O', 'CB', 'CG', 'CD', 'CE', 'NZ', 'N', 'CA', 'C', 'O', 'CB', 'CG', 'OD1', 'ND2', 'N', 'CA', 'C', 'O', 'CB', 'CG', 'SD', 'CE', 'N', 'CA', 'C', 'O', 'CB', 'CG', 'CD1', 'CD2', 'CE1', 'CE2', 'CZ', 'N', 'CA', 'C', 'O', 'CB', 'CG1', 'CG2', 'CD1', 'N', 'CA', 'C', 'O', 'CB', 'CG', 'CD', 'NE', 'CZ', 'NH1', 'NH2', 'N', 'CA', 'C', 'O', 'CB', 'CG', 'CD', 'N', 'CA', 'C', 'O', 'CB', 'OG1', 'CG2', 'N', 'CA', 'C', 'O', 'CB', 'CG', 'OD1', 'OD2', 'N', 'CA', 'C', 'O', 'CB', 'N', 'CA', 'C', 'O', 'CB', 'CG', 'CD', 'OE1', 'OE2', 'N', 'CA', 'C', 'O', 'CB', 'CG', 'CD1', 'CD2', 'N', 'CA', 'C', 'O', 'CB', 'N', 'CA', 'C', 'O', 'CB', 'N', 'CA', 'C', 'O', 'CB', 'CG', 'CD1', 'CD2', 'CE1', 'CE2', 'CZ', 'N', 'CA', 'C', 'O', 'CB', 'N', 'CA', 'C', 'O', 'CB', 'N', 'CA', 'C', 'O', 'CB', 'CG', 'OD1', 'OD2', 'N', 'CA', 'C', 'O', 'CB', 'CG', 'CD1', 'CD2', 'CE1', 'CE2', 'CZ', 'N', 'CA', 'C', 'O', 'CB', 'OG1', 'CG2', 'N', 'CA', 'C', 'O', 'CB', 'CG1', 'CG2', 'N', 'CA', 'C', 'O', 'CB', 'CG', 'CD1', 'CD2', 'N', 'CA', 'C', 'O', 'CB', 'CG', 'OD1', 'ND2', 'N', 'CA', 'C', 'O', 'N', 'CA', 'C', 'O', 'CB', 'N', 'CA', 'C', 'O', 'CB', 'CG', 'CD', 'CE', 'NZ', 'N', 'CA', 'C', 'O', 'CB', 'SG', 'N', 'CA', 'C', 'O', 'CB', 'OG1', 'CG2', 'N', 'CA', 'C', 'O', 'CB', 'CG', 'OD1', 'ND2', 'N', 'CA', 'C', 'O', 'CB', 'CG', 'CD', 'N', 'CA', 'C', 'O', 'CB', 'CG', 'OD1', 'ND2', 'N', 'CA', 'C', 'O', 'CB', 'CG', 'CD1', 'CD2', 'NE1', 'CE2', 'CE3', 'CZ2', 'CZ3', 'CH2', 'N', 'CA', 'C', 'O', 'CB', 'CG', 'CD', 'CE', 'NZ', 'N', 'CA', 'C', 'O', 'CB', 'CG', 'CD', 'OE1', 'OE2', 'N', 'CA', 'C', 'O', 'CB', 'CG', 'CD', 'OE1', 'NE2', 'N', 'CA', 'C', 'O', 'N', 'CA', 'C', 'O', 'CB', 'CG', 'CD1', 'CD2', 'N', 'CA', 'C', 'O', 'CB', 'CG', 'OD1', 'ND2', 'N', 'CA', 'C', 'O', 'CB', 'OG', 'N', 'CA', 'C', 'O', 'CB', 'CG', 'CD', 'OE1', 'OE2', 'N', 'CA', 'C', 'O', 'CB', 'CG', 'OD1', 'ND2', 'N', 'CA', 'C', 'O', 'CB', 'CG', 'CD1', 'CD2', 'CE1', 'CE2', 'CZ', 'N', 'CA', 'C', 'O', 'CB', 'CG1', 'CG2', 'N', 'CA', 'C', 'O', 'CB', 'N', 'CA', 'C', 'O', 'CB', 'CG', 'CD1', 'CD2', 'CE1', 'CE2', 'CZ', 'N', 'CA', 'C', 'O', 'CB', 'CG', 'OD1', 'ND2', 'N', 'CA', 'C', 'O', 'CB', 'CG1', 'CG2', 'CD1', 'N', 'CA', 'C', 'O', 'CB', 'OG1', 'CG2', 'N', 'CA', 'C', 'O', 'CB', 'CG', 'CD', 'OE1', 'OE2', 'N', 'CA', 'C', 'O', 'N', 'CA', 'C', 'O', 'CB', 'CG1', 'CG2', 'CD1', 'N', 'CA', 'C', 'O', 'CB', 'CG', 'CD', 'OE1', 'NE2', 'N', 'CA', 'C', 'O', 'CB', 'CG', 'CD1', 'CD2', 'N', 'CA', 'C', 'O', 'CB', 'CG1', 'CG2', 'CD1', 'N', 'CA', 'C', 'O', 'N', 'CA', 'C', 'O', 'N', 'CA', 'C', 'O', 'CB', 'OG1', 'CG2', 'N', 'CA', 'C', 'O', 'CB', 'CG', 'CD1', 'CD2', 'NE1', 'CE2', 'CE3', 'CZ2', 'CZ3', 'CH2', 'N', 'CA', 'C', 'O', 'CB', 'CG', 'CD1', 'CD2', 'CE1', 'CE2', 'CZ', 'OH', 'N', 'CA', 'C', 'O', 'N', 'CA', 'C', 'O', 'N', 'CA', 'C', 'O', 'CB', 'CG', 'CD', 'OE1', 'OE2', 'N', 'CA', 'C', 'O', 'CB', 'CG', 'SD', 'CE', 'N', 'CA', 'C', 'O', 'CB', 'CG', 'CD', 'CE', 'NZ', 'N', 'CA', 'C', 'O', 'CB', 'CG', 'CD', 'CE', 'NZ', 'N', 'CA', 'C', 'O', 'N', 'CA', 'C', 'O', 'CB', 'CG', 'SD', 'CE', 'N', 'CA', 'C', 'O', 'CB', 'CG', 'CD1', 'CD2', 'CE1', 'CE2', 'CZ', 'N', 'CA', 'C', 'O', 'CB', 'OG', 'N', 'CA', 'C', 'O', 'CB', 'CG', 'SD', 'CE', 'N', 'CA', 'C', 'O', 'CB', 'CG', 'SD', 'CE', 'N', 'CA', 'C', 'O', 'CB', 'CG', 'OD1', 'ND2', 'N', 'CA', 'C', 'O', 'CB', 'CG', 'CD1', 'CD2', 'CE1', 'CE2', 'CZ', 'OH', 'N', 'CA', 'C', 'O', 'CB', 'CG', 'CD1', 'CD2', 'CE1', 'CE2', 'CZ', 'N', 'CA', 'C', 'O', 'CB', 'CG', 'CD1', 'CD2', 'N', 'CA', 'C', 'O', 'CB', 'CG', 'CD', 'N', 'CA', 'C', 'O', 'CB', 'CG', 'CD1', 'CD2', 'N', 'CA', 'C', 'O', 'CB', 'CG', 'CD', 'CE', 'NZ', 'N', 'CA', 'C', 'O', 'N', 'CA', 'C', 'O', 'CB', 'CG1', 'CG2', 'N', 'CA', 'C', 'O', 'CB', 'N', 'CA', 'C', 'O', 'CB', 'OG', 'N', 'CA', 'C', 'O', 'CB', 'CG', 'SD', 'CE', 'N', 'CA', 'C', 'O', 'CB', 'CG', 'ND1', 'CD2', 'CE1', 'NE2', 'N', 'CA', 'C', 'O', 'CB', 'SG', 'N', 'CA', 'C', 'O', 'CB', 'OG', 'N', 'CA', 'C', 'O', 'CB', 'N', 'CA', 'C', 'O', 'CB', 'CG', 'OD1', 'ND2', 'N', 'CA', 'C', 'O', 'CB', 'CG1', 'CG2', 'N', 'CA', 'C', 'O', 'N', 'CA', 'C', 'O', 'CB', 'CG', 'CD', 'CE', 'NZ', 'N', 'CA', 'C', 'O', 'CB', 'CG', 'OD1', 'OD2', 'N', 'CA', 'C', 'O', 'N', 'CA', 'C', 'O', 'CB', 'CG', 'OD1', 'OD2', 'N', 'CA', 'C', 'O', 'CB', 'CG1', 'CG2', 'N', 'CA', 'C', 'O', 'CB', 'N', 'CA', 'C', 'O', 'CB', 'CG1', 'CG2', 'CD1', 'N', 'CA', 'C', 'O', 'CB', 'CG', 'CD1', 'CD2', 'CE1', 'CE2', 'CZ', 'N', 'CA', 'C', 'O', 'CB', 'CG', 'CD1', 'CD2', 'CE1', 'CE2', 'CZ', 'N', 'CA', 'C', 'O', 'N', 'CA', 'C', 'O', 'CB', 'CG', 'CD1', 'CD2', 'N', 'CA', 'C', 'O', 'CB', 'OG', 'N', 'CA', 'C', 'O', 'N', 'CA', 'C', 'O', 'CB', 'OG1', 'CG2', 'N', 'CA', 'C', 'O', 'N', 'CA', 'C', 'O', 'CB', 'CG', 'CD', 'CE', 'NZ', 'N', 'CA', 'C', 'O', 'CB', 'OG1', 'CG2', 'N', 'CA', 'C', 'O', 'CB', 'OG1', 'CG2', 'N', 'CA', 'C', 'O', 'CB', 'CG', 'CD1', 'CD2', 'N', 'CA', 'C', 'O', 'CB', 'OG', 'N', 'CA', 'C', 'O', 'CB', 'OG1', 'CG2', 'N', 'CA', 'C', 'O', 'CB', 'CG', 'OD1', 'OD2', 'N', 'CA', 'C', 'O', 'CB', 'CG', 'CD', 'N', 'CA', 'C', 'O', 'CB', 'CG', 'CD', 'CE', 'NZ', 'N', 'CA', 'C', 'O', 'CB', 'CG', 'CD', 'NE', 'CZ', 'NH1', 'NH2', 'N', 'CA', 'C', 'O', 'CB', 'CG', 'CD', 'OE1', 'NE2', 'N', 'CA', 'C', 'O', 'CB', 'CG', 'CD1', 'CD2', 'N', 'CA', 'C', 'O', 'CB', 'CG1', 'CG2', 'CD1', 'N', 'CA', 'C', 'O', 'N', 'CA', 'C', 'O', 'CB', 'CG', 'OD1', 'OD2', 'N', 'CA', 'C', 'O', 'CB', 'CG', 'OD1', 'OD2', 'N', 'CA', 'C', 'O', 'CB', 'CG', 'CD', 'OE1', 'OE2', 'N', 'CA', 'C', 'O', 'CB', 'CG', 'ND1', 'CD2', 'CE1', 'NE2', 'N', 'CA', 'C', 'O', 'N', 'CA', 'C', 'O', 'CB', 'CG', 'CD1', 'CD2', 'NE1', 'CE2', 'CE3', 'CZ2', 'CZ3', 'CH2', 'N', 'CA', 'C', 'O', 'CB', 'CG', 'OD1', 'OD2', 'N', 'CA', 'C', 'O', 'CB', 'CG', 'CD', 'OE1', 'OE2', 'N', 'CA', 'C', 'O', 'CB', 'OG', 'N', 'CA', 'C', 'O', 'N', 'CA', 'C', 'O', 'CB', 'CG1', 'CG2', 'N', 'CA', 'C', 'O', 'CB', 'CG', 'CD1', 'CD2', 'CE1', 'CE2', 'CZ', 'N', 'CA', 'C', 'O', 'CB', 'CG', 'OD1', 'ND2', 'N', 'CA', 'C', 'O', 'CB', 'CG', 'CD1', 'CD2', 'CE1', 'CE2', 'CZ', 'N', 'CA', 'C', 'O', 'CB', 'CG', 'CD', 'OE1', 'OE2', 'N', 'CA', 'C', 'O', 'N', 'CA', 'C', 'O', 'N', 'CA', 'C', 'O', 'CB', 'SG', 'N', 'CA', 'C', 'O', 'CB', 'CG', 'CD1', 'CD2', 'CE1', 'CE2', 'CZ', 'OH', 'N', 'CA', 'C', 'O', 'CB', 'N', 'CA', 'C', 'O', 'CB', 'CG', 'CD', 'CE', 'NZ', 'N', 'CA', 'C', 'O', 'CB', 'OG1', 'CG2', 'N', 'CA', 'C', 'O', 'CB', 'CG1', 'CG2', 'CD1', 'N', 'CA', 'C', 'O', 'CB', 'CG', 'OD1', 'ND2', 'N', 'CA', 'C', 'O', 'CB', 'CG', 'CD1', 'CD2', 'N', 'CA', 'C', 'O', 'CB', 'OG', 'N', 'CA', 'C', 'O', 'CB', 'CG', 'CD', 'OE1', 'NE2', 'N', 'CA', 'C', 'O', 'CB', 'N', 'CA', 'C', 'O', 'CB', 'CG', 'OD1', 'ND2', 'N', 'CA', 'C', 'O', 'CB', 'CG', 'CD', 'OE1', 'OE2', 'N', 'CA', 'C', 'O', 'CB', 'CG', 'CD', 'N', 'CA', 'C', 'O', 'CB', 'CG', 'OD1', 'OD2', 'N', 'CA', 'C', 'O', 'CB', 'CG1', 'CG2', 'CD1', 'N', 'CA', 'C', 'O', 'CB', 'CG', 'CD1', 'CD2', 'CE1', 'CE2', 'CZ', 'OH', 'N', 'CA', 'C', 'O', 'N', 'CA', 'C', 'O', 'CB', 'N', 'CA', 'C', 'O', 'CB', 'CG1', 'CG2', 'CD1', 'N', 'CA', 'C', 'O', 'CB', 'CG', 'CD', 'NE', 'CZ', 'NH1', 'NH2', 'N', 'CA', 'C', 'O', 'CB', 'CG', 'CD', 'NE', 'CZ', 'NH1', 'NH2', 'N', 'CA', 'C', 'O', 'CB', 'CG', 'OD1', 'OD2', 'N', 'CA', 'C', 'O', 'CB', 'N', 'CA', 'C', 'O', 'CB', 'CG', 'CD1', 'CD2', 'N', 'CA', 'C', 'O', 'CB', 'CG', 'CD1', 'CD2', 'N', 'CA', 'C', 'O', 'CB', 'CG', 'CD', 'OE1', 'OE2', 'N', 'CA', 'C', 'O', 'CB', 'CG', 'OD1', 'ND2', 'N', 'CA', 'C', 'O', 'CB', 'CG1', 'CG2', 'N', 'CA', 'C', 'O', 'CB', 'CG1', 'CG2', 'N', 'CA', 'C', 'O', 'CB', 'CG1', 'CG2', 'N', 'CA', 'C', 'O', 'CB', 'CG', 'CD', 'NE', 'CZ', 'NH1', 'NH2', 'N', 'CA', 'C', 'O', 'CB', 'N', 'CA', 'C', 'O', 'CB', 'CG', 'OD1', 'OD2', 'N', 'CA', 'C', 'O', 'N', 'CA', 'C', 'O', 'CB', 'OG', 'N', 'CA', 'C', 'O', 'CB', 'CG1', 'CG2', 'N', 'CA', 'C', 'O', 'CB', 'CG', 'OD1', 'OD2', 'N', 'CA', 'C', 'O', 'CB', 'CG', 'CD1', 'CD2', 'CE1', 'CE2', 'CZ', 'N', 'CA', 'C', 'O', 'CB', 'CG', 'OD1', 'OD2', 'N', 'CA', 'C', 'O', 'CB', 'CG', 'OD1', 'OD2', 'N', 'CA', 'C', 'O', 'N', 'CA', 'C', 'O', 'CB', 'OG', 'N', 'CA', 'C', 'O', 'CB', 'CG', 'CD', 'CE', 'NZ', 'N', 'CA', 'C', 'O', 'CB', 'OG1', 'CG2', 'N', 'CA', 'C', 'O', 'CB', 'CG', 'CD', 'OE1', 'OE2', 'N', 'CA', 'C', 'O', 'CB', 'CG', 'OD1', 'ND2', 'N', 'CA', 'C', 'O', 'CB', 'OG1', 'CG2', 'N', 'CA', 'C', 'O', 'CB', 'CG', 'CD', 'NE', 'CZ', 'NH1', 'NH2', 'N', 'CA', 'C', 'O', 'CB', 'CG1', 'CG2', 'N', 'CA', 'C', 'O', 'CB', 'OG', 'N', 'CA', 'C', 'O', 'CB', 'CG', 'CD1', 'CD2', 'CE1', 'CE2', 'CZ', 'OH', 'N', 'CA', 'C', 'O', 'CB', 'CG', 'CD', 'N', 'CA', 'C', 'O', 'CB', 'CG1', 'CG2', 'CD1', 'N', 'CA', 'C', 'O', 'CB', 'CG', 'CD1', 'CD2', 'CE1', 'CE2', 'CZ', 'OH', 'N', 'CA', 'C', 'O', 'CB', 'CG', 'ND1', 'CD2', 'CE1', 'NE2', 'N', 'CA', 'C', 'O', 'CB', 'CG1', 'CG2', 'CD1', 'N', 'CA', 'C', 'O', 'CB', 'CG', 'OD1', 'OD2', 'N', 'CA', 'C', 'O', 'CB', 'CG', 'OD1', 'ND2', 'N', 'CA', 'C', 'O', 'CB', 'CG1', 'CG2', 'CD1', 'N', 'CA', 'C', 'O', 'CB', 'CG1', 'CG2', 'N', 'CA', 'C', 'O', 'CB', 'CG', 'CD', 'NE', 'CZ', 'NH1', 'NH2', 'N', 'CA', 'C', 'O', 'CB', 'CG', 'CD', 'N', 'CA', 'C', 'O', 'CB', 'CG1', 'CG2', 'N', 'CA', 'C', 'O', 'CB', 'OG', 'N', 'CA', 'C', 'O', 'CB', 'CG', 'CD', 'CE', 'NZ', 'N', 'CA', 'C', 'O', 'CB', 'N', 'CA', 'C', 'O', 'N', 'CA', 'C', 'O', 'CB', 'CG', 'ND1', 'CD2', 'CE1', 'NE2', 'N', 'CA', 'C', 'O', 'CB', 'N', 'CA', 'C', 'O', 'CB', 'OG1', 'CG2', 'N', 'CA', 'C', 'O', 'CB', 'CG', 'CD', 'CE', 'NZ', 'N', 'CA', 'C', 'O', 'CB', 'CG1', 'CG2', 'N', 'CA', 'C', 'O', 'CB', 'CG1', 'CG2', 'CD1', 'N', 'CA', 'C', 'O', 'CB', 'CG', 'CD1', 'CD2', 'CE1', 'CE2', 'CZ', 'N', 'CA', 'C', 'O', 'CB', 'CG', 'CD1', 'CD2', 'N', 'CA', 'C', 'O', 'CB', 'OG1', 'CG2', 'N', 'CA', 'C', 'O', 'CB', 'N', 'CA', 'C', 'O', 'CB', 'CG', 'OD1', 'OD2', 'N', 'CA', 'C', 'O', 'CB', 'N', 'CA', 'C', 'O', 'CB', 'CG', 'CD1', 'CD2', 'CE1', 'CE2', 'CZ', 'N', 'CA', 'C', 'O', 'N', 'CA', 'C', 'O', 'CB', 'CG1', 'CG2', 'N', 'CA', 'C', 'O', 'CB', 'CG', 'CD1', 'CD2', 'N', 'CA', 'C', 'O', 'CB', 'CG', 'CD', 'N', 'CA', 'C', 'O', 'CB', 'CG', 'CD', 'N', 'CA', 'C', 'O', 'CB', 'CG1', 'CG2', 'N', 'CA', 'C', 'O', 'CB', 'OG', 'N', 'CA', 'C', 'O', 'CB', 'CG', 'CD', 'CE', 'NZ', 'N', 'CA', 'C', 'O', 'CB', 'CG', 'CD1', 'CD2', 'N', 'CA', 'C', 'O', 'CB', 'OG1', 'CG2', 'N', 'CA', 'C', 'O', 'CB', 'CG', 'CD', 'N', 'CA', 'C', 'O', 'CB', 'CG', 'CD', 'OE1', 'OE2', 'N', 'CA', 'C', 'O', 'CB', 'CG', 'CD', 'OE1', 'NE2', 'N', 'CA', 'C', 'O', 'CB', 'OG1', 'CG2', 'N', 'CA', 'C', 'O', 'CB', 'CG', 'CD', 'OE1', 'OE2', 'N', 'CA', 'C', 'O', 'CB', 'CG', 'CD1', 'CD2', 'CE1', 'CE2', 'CZ', 'OH', 'N', 'CA', 'C', 'O', 'CB', 'CG', 'CD1', 'CD2', 'CE1', 'CE2', 'CZ', 'OH', 'N', 'CA', 'C', 'O', 'CB', 'CG', 'CD1', 'CD2', 'CE1', 'CE2', 'CZ', 'N', 'CA', 'C', 'O', 'CB', 'CG', 'CD1', 'CD2', 'N', 'CA', 'C', 'O', 'CB', 'OG', 'N', 'CA', 'C', 'O', 'N', 'CA', 'C', 'O', 'CB', 'CG', 'CD1', 'CD2', 'CE1', 'CE2', 'CZ', 'N', 'CA', 'C', 'O', 'CB', 'OG1', 'CG2', 'N', 'CA', 'C', 'O', 'CB', 'N', 'CA', 'C', 'O', 'CB', 'CG', 'CD', 'CE', 'NZ', 'N', 'CA', 'C', 'O', 'CB', 'CG', 'CD1', 'CD2', 'N', 'CA', 'C', 'O', 'CB', 'CG', 'CD', 'OE1', 'OE2', 'N', 'CA', 'C', 'O', 'CB', 'CG', 'CD', 'N', 'CA', 'C', 'O', 'CB', 'OG1', 'CG2', 'N', 'CA', 'C', 'O', 'CB', 'CG', 'CD', 'N', 'CA', 'C', 'O', 'CB', 'OG1', 'CG2', 'N', 'CA', 'C', 'O', 'CB', 'CG', 'CD1', 'CD2', 'CE1', 'CE2', 'CZ', 'N', 'CA', 'C', 'O', 'CB', 'OG', 'N', 'CA', 'C', 'O', 'CB', 'N', 'CA', 'C', 'O', 'CB', 'SG', 'N', 'CA', 'C', 'O', 'CB', 'CG', 'CD1', 'CD2', 'CE1', 'CE2', 'CZ', 'N', 'CA', 'C', 'O', 'N', 'CA', 'C', 'O', 'CB', 'N', 'CA', 'C', 'O', 'CB', 'N', 'CA', 'C', 'O', 'CB', 'CG', 'CD1', 'CD2', 'CE1', 'CE2', 'CZ', 'N', 'CA', 'C', 'O', 'CB', 'CG', 'CD1', 'CD2', 'N', 'CA', 'C', 'O', 'CB', 'OG', 'N', 'CA', 'C', 'O', 'CB', 'CG', 'CD1', 'CD2', 'N', 'CA', 'C', 'O', 'CB', 'CG', 'ND1', 'CD2', 'CE1', 'NE2', 'N', 'CA', 'C', 'O', 'CB', 'CG', 'CD', 'N', 'CA', 'C', 'O', 'CB', 'CG1', 'CG2', 'CD1', 'N', 'CA', 'C', 'O', 'CB', 'CG', 'CD', 'OE1', 'NE2', 'N', 'CA', 'C', 'O', 'CB', 'CG', 'CD1', 'CD2', 'CE1', 'CE2', 'CZ', 'OH', 'N', 'CA', 'C', 'O', 'CB', 'N', 'CA', 'C', 'O', 'CB', 'CG', 'OD1', 'OD2', 'N', 'CA', 'C', 'O', 'CB', 'CG1', 'CG2', 'N', 'CA', 'C', 'O', 'CB', 'CG', 'CD1', 'CD2', 'N', 'CA', 'C', 'O', 'CB', 'CG1', 'CG2', 'N', 'CA', 'C', 'O', 'CB', 'CG', 'CD', 'OE1', 'OE2', 'N', 'CA', 'C', 'O', 'CB', 'CG', 'CD', 'NE', 'CZ', 'NH1', 'NH2', 'N', 'CA', 'C', 'O', 'CB', 'CG', 'SD', 'CE', 'N', 'CA', 'C', 'O', 'CB', 'CG', 'CD', 'CE', 'NZ', 'N', 'CA', 'C', 'O', 'CB', 'N', 'CA', 'C', 'O', 'CB', 'OG', 'N', 'CA', 'C', 'O', 'N', 'CA', 'C', 'O', 'CB', 'N', 'CA', 'C', 'O', 'CB', 'CG', 'CD', 'OE1', 'OE2', 'N', 'CA', 'C', 'O', 'CB', 'N', 'CA', 'C', 'O', 'CB', 'CG', 'CD1', 'CD2', 'CE1', 'CE2', 'CZ', 'OH', 'N', 'CA', 'C', 'O', 'CB', 'CG', 'CD1', 'CD2', 'N', 'CA', 'C', 'O', 'CB', 'CG1', 'CG2', 'N', 'CA', 'C', 'O', 'CB', 'CG', 'OD1', 'ND2', 'N', 'CA', 'C', 'O', 'CB', 'OG1', 'CG2', 'N', 'CA', 'C', 'O', 'N', 'CA', 'C', 'O', 'CB', 'CG', 'CD1', 'CD2', 'NE1', 'CE2', 'CE3', 'CZ2', 'CZ3', 'CH2', 'N', 'CA', 'C', 'O', 'CB', 'CG', 'OD1', 'ND2', 'N', 'CA', 'C', 'O', 'N', 'CA', 'C', 'O', 'CB', 'OG1', 'CG2', 'N', 'CA', 'C', 'O', 'N', 'CA', 'C', 'O', 'CB', 'CG', 'CD', 'CE', 'NZ', 'N', 'CA', 'C', 'O', 'CB', 'CG', 'CD', 'NE', 'CZ', 'NH1', 'NH2', 'N', 'CA', 'C', 'O', 'CB', 'CG1', 'CG2', 'CD1', 'N', 'CA', 'C', 'O', 'CB', 'OG', 'N', 'CA', 'C', 'O', 'CB', 'CG1', 'CG2', 'CD1', 'N', 'CA', 'C', 'O', 'CB', 'CG', 'CD', 'CE', 'NZ', 'N', 'CA', 'C', 'O', 'CB', 'CG', 'OD1', 'OD2', 'N', 'CA', 'C', 'O', 'CB', 'OG1', 'CG2', 'N', 'CA', 'C', 'O', 'CB', 'CG', 'CD', 'NE', 'CZ', 'NH1', 'NH2', 'N', 'CA', 'C', 'O', 'N', 'CA', 'C', 'O', 'CB', 'CG1', 'CG2', 'CD1', 'N', 'CA', 'C', 'O', 'CB', 'CG1', 'CG2', 'CD1', 'N', 'CA', 'C', 'O', 'CB', 'CG', 'OD1', 'OD2', 'N', 'CA', 'C', 'O', 'CB', 'N', 'CA', 'C', 'O', 'CB', 'CG1', 'CG2', 'CD1', 'N', 'CA', 'C', 'O', 'CB', 'CG', 'CD1', 'CD2', 'N', 'CA', 'C', 'O', 'CB', 'CG', 'OD1', 'OD2', 'N', 'CA', 'C', 'O', 'N', 'CA', 'C', 'O', 'CB', 'OG', 'N', 'CA', 'C', 'O', 'CB', 'CG1', 'CG2', 'CD1', 'N', 'CA', 'C', 'O', 'CB', 'CG', 'CD', 'OE1', 'OE2', 'N', 'CA', 'C', 'O', 'CB', 'CG', 'CD', 'CE', 'NZ', 'N', 'CA', 'C', 'O', 'CB', 'N', 'CA', 'C', 'O', 'CB', 'CG', 'CD', 'OE1', 'OE2', 'N', 'CA', 'C', 'O', 'CB', 'CG', 'SD', 'CE', 'N', 'CA', 'C', 'O', 'N', 'CA', 'C', 'O', 'CB', 'CG', 'CD', 'OE1', 'OE2', 'N', 'CA', 'C', 'O', 'CB', 'CG', 'CD1', 'CD2', 'N', 'CA', 'C', 'O', 'CB', 'CG', 'CD', 'N', 'CA', 'C', 'O', 'CB', 'CG1', 'CG2', 'CD1', 'N', 'CA', 'C', 'O', 'CB', 'CG', 'CD1', 'CD2', 'CE1', 'CE2', 'CZ', 'N', 'CA', 'C', 'O', 'CB', 'CG', 'OD1', 'ND2', 'N', 'CA', 'C', 'O', 'CB', 'CG', 'CD1', 'CD2', 'N', 'CA', 'C', 'O', 'CB', 'N', 'CA', 'C', 'O', 'CB', 'CG1', 'CG2', 'CD1', 'N', 'CA', 'C', 'O', 'CB', 'CG', 'CD', 'N', 'CA', 'C', 'O', 'CB', 'CG', 'CD', 'CE', 'NZ', 'N', 'CA', 'C', 'O', 'CB', 'N', 'CA', 'C', 'O', 'CB', 'CG', 'CD1', 'CD2', 'N', 'CA', 'C', 'O', 'CB', 'CG', 'CD', 'N', 'CA', 'C', 'O', 'N', 'CA', 'C', 'O', 'CB', 'CG1', 'CG2', 'N', 'CA', 'C', 'O', 'CB', 'CG', 'OD1', 'OD2', 'N', 'CA', 'C', 'O', 'CB', 'CG', 'CD', 'N', 'CA', 'C', 'O', 'CB', 'N', 'CA', 'C', 'O', 'CB', 'CG1', 'CG2', 'CD1', 'N', 'CA', 'C', 'O', 'CB', 'CG', 'CD1', 'CD2', 'N', 'CA', 'C', 'O', 'CB', 'CG', 'OD1', 'OD2', 'N', 'CA', 'C', 'O', 'CB', 'CG', 'CD', 'N', 'CA', 'C', 'O', 'CB', 'CG', 'CD', 'NE', 'CZ', 'NH1', 'NH2', 'N', 'CA', 'C', 'O', 'CB', 'CG', 'OD1', 'OD2', 'N', 'CA', 'C', 'O', 'CB', 'OG1', 'CG2', 'N', 'CA', 'C', 'O', 'CB', 'CG', 'CD1', 'CD2', 'CE1', 'CE2', 'CZ', 'OH', 'N', 'CA', 'C', 'O', 'CB', 'N', 'CA', 'C', 'O', 'CB', 'CG', 'OD1', 'OD2', 'N', 'CA', 'C', 'O', 'CB', 'CG', 'CD', 'CE', 'NZ', 'N', 'CA', 'C', 'O', 'CB', 'N', 'CA', 'C', 'O', 'CB', 'CG', 'CD', 'OE1', 'NE2', 'N', 'CA', 'C', 'O', 'CB', 'CG', 'CD1', 'CD2', 'NE1', 'CE2', 'CE3', 'CZ2', 'CZ3', 'CH2', 'N', 'CA', 'C', 'O', 'CB', 'CG', 'CD', 'OE1', 'NE2', 'N', 'CA', 'C', 'O', 'CB', 'CG1', 'CG2', 'N', 'CA', 'C', 'O', 'CB', 'CG', 'CD', 'CE', 'NZ', 'N', 'CA', 'C', 'O', 'CB', 'N', 'CA', 'C', 'O', 'CB', 'CG', 'CD', 'OE1', 'OE2', 'N', 'CA', 'C', 'O', 'CB', 'CG', 'OD1', 'OD2', 'N', 'CA', 'C', 'O', 'CB', 'CG', 'CD1', 'CD2', 'N', 'CA', 'C', 'O', 'CB', 'N', 'CA', 'C', 'O', 'CB', 'CG', 'OD1', 'ND2', 'N', 'CA', 'C', 'O', 'CB', 'CG', 'CD', 'NE', 'CZ', 'NH1', 'NH2', 'N', 'CA', 'C', 'O', 'CB', 'CG', 'CD1', 'CD2', 'CE1', 'CE2', 'CZ', 'N', 'CA', 'C', 'O', 'CB', 'CG1', 'CG2', 'N', 'CA', 'C', 'O', 'CB', 'CG', 'CD', 'CE', 'NZ', 'N', 'CA', 'C', 'O', 'CB', 'CG', 'OD1', 'ND2', 'N', 'CA', 'C', 'O', 'CB', 'CG', 'CD1', 'CD2', 'CE1', 'CE2', 'CZ', 'N', 'CA', 'C', 'O', 'CB', 'CG1', 'CG2', 'N', 'CA', 'C', 'O', 'CB', 'CG', 'CD', 'CE', 'NZ', 'N', 'CA', 'C', 'O', 'CB', 'CG', 'CD1', 'CD2', 'CE1', 'CE2', 'CZ', 'OH', 'N', 'CA', 'C', 'O', 'CB', 'OG1', 'CG2', 'N', 'CA', 'C', 'O', 'CB', 'N', 'CA', 'C', 'O', 'CB', 'CG', 'OD1', 'ND2', 'N', 'CA', 'C', 'O', 'CB', 'CG', 'CD', 'N', 'CA', 'C', 'O', 'CB', 'CG', 'CD', 'OE1', 'OE2', 'N', 'CA', 'C', 'O', 'CB', 'N', 'CA', 'C', 'O', 'CB', 'N', 'CA', 'C', 'O', 'CB', 'CG', 'CD', 'CE', 'NZ', 'N', 'CA', 'C', 'O', 'CB', 'CG', 'CD1', 'CD2', 'N', 'CA', 'C', 'O', 'CB', 'CG1', 'CG2', 'N', 'CA', 'C', 'O', 'N', 'CA', 'C', 'O', 'CB', 'N', 'CA', 'C', 'O', 'N', 'CA', 'C', 'O', 'CB', 'CG', 'CD', 'N', 'CA', 'C', 'O', 'CB', 'CG', 'CD', 'CE', 'NZ', 'S', 'O1', 'O2', 'O3', 'O4', 'S', 'O1', 'O2', 'O3', 'O4', 'NA', 'O', 'O', 'O', 'O', 'O', 'O', 'O', 'O', 'O', 'O', 'O', 'O', 'O', 'O', 'O', 'O', 'O', 'O', 'O', 'O', 'O', 'O', 'O', 'O', 'O', 'O', 'O', 'O', 'O', 'O', 'O', 'O', 'O', 'O', 'O', 'O', 'O', 'O', 'O', 'O', 'O', 'O', 'O', 'O', 'O', 'O', 'O', 'O', 'O', 'O', 'O', 'O', 'O', 'O', 'O', 'O', 'O', 'O', 'O', 'O', 'O', 'O', 'O', 'O', 'O', 'O', 'O', 'O', 'O', 'O', 'O', 'O', 'O', 'O', 'O', 'O', 'O', 'O', 'O', 'O', 'O', 'O', 'O', 'O', 'O', 'O', 'O', 'O', 'O', 'O', 'O', 'O', 'O', 'O', 'O', 'O', 'O', 'O', 'O', 'O', 'O', 'O', 'O', 'O', 'O', 'O', 'O', 'O', 'O', 'O', 'O', 'O', 'O', 'O', 'O', 'O', 'O', 'O', 'O', 'O', 'O', 'O', 'O', 'O', 'O', 'O', 'O', 'O', 'O', 'O', 'O', 'O', 'O', 'O', 'O', 'O', 'O', 'O', 'O', 'O', 'O', 'O', 'O', 'O', 'O', 'O', 'O', 'O', 'O', 'O', 'O', 'O', 'O', 'O', 'O', 'O', 'O'], '_chem_comp_atom.atom_id')]}
Validate file 1YGG.cif:     85.3

Not matched: []
Baddies:{'_atom_site_aniso_U_11': [('validate_loop_key', False, 'N/A')], '_diffrn_measured_fraction_theta_max': [('validate_looping', False, '0.996')], '_chemical_melting_point': [('validate_item_type', False, '453K')], '_exptl_crystal_density_meas': [('validate_item_type', False, 'not measured'), ('validate_enum_range', False, 'not measured')], '_refine_ls_extinction_coef': [('validate_item_type', False, 'none')], '_atom_site_adp_type': [('validate_loop_key', False, 'N/A')], '_diffrn_measured_fraction_theta_full': [('validate_looping', False, '0.996')]}
Not matched: []
Baddies:{}
Validate file C13H22O3.cif:      8.2

